// Jest Snapshot v1, https://goo.gl/fbAQLP

exports[`MainView 1`] = `
Array [
  <h4>
    Игра на запоминание чисел
  </h4>,
  <p>
    Вам будет предложено запомнить некоторые числа. После этого нужно будет их воспроизвести, не обязательно в том же порядке, за фиксированное время.
  </p>,
  <button
    className="MuiButtonBase-root MuiButton-root MuiButton-contained MuiButton-containedPrimary"
    disabled={false}
    onBlur={[Function]}
    onClick={[Function]}
    onDragLeave={[Function]}
    onFocus={[Function]}
    onKeyDown={[Function]}
    onKeyUp={[Function]}
    onMouseDown={[Function]}
    onMouseLeave={[Function]}
    onMouseUp={[Function]}
    onTouchEnd={[Function]}
    onTouchMove={[Function]}
    onTouchStart={[Function]}
    tabIndex={0}
    type="button"
  >
    <span
      className="MuiButton-label"
    >
      Играть!
    </span>
  </button>,
]
`;
